// Jest Snapshot v1, https://goo.gl/fbAQLP

exports[`Button Component it should match the snapshot 1`] = `
<DocumentFragment>
  <div>
    <button
      class="undefined"
    />
  </div>
</DocumentFragment>
`;
