// Jest Snapshot v1, https://goo.gl/fbAQLP

exports[`HealthBar Component it should match the snapshot 1`] = `
<DocumentFragment>
  <div>
    <div />
    <span>
      undefined
    </span>
  </div>
</DocumentFragment>
`;
