// Jest Snapshot v1, https://goo.gl/fbAQLP

exports[`Navegation Component it should match the snapshot 1`] = `
<DocumentFragment>
  <div />
</DocumentFragment>
`;
