// Jest Snapshot v1, https://goo.gl/fbAQLP

exports[`App Component App should match the snapshot 1`] = `
<DocumentFragment>
  <div>
    <div>
      <form>
        <input
          name="username"
          placeholder="Username"
          type="text"
          value=""
        />
        <input
          name="password"
          placeholder="asd123"
          type="password"
          value=""
        />
        <p />
        <div>
          <button
            class="undefined undefined"
            type="submit"
          >
            Log In
          </button>
        </div>
      </form>
    </div>
  </div>
</DocumentFragment>
`;
