// Jest Snapshot v1, https://goo.gl/fbAQLP

exports[`LoadingScreen Component it should match the snapshot 1`] = `
<DocumentFragment>
  <div
    class="undefined"
  />
</DocumentFragment>
`;
